// Jest Snapshot v1, https://goo.gl/fbAQLP

exports[`Footer component Footer Snapshot 1`] = `
<div>
  <p>
    Â© 2020
  </p>
</div>
`;
