// Jest Snapshot v1, https://goo.gl/fbAQLP

exports[`Header component Header Snapshot 1`] = `
<div
  className="sm-text"
>
  <h1>
    SPA HOUSE
  </h1>
</div>
`;
