// Jest Snapshot v1, https://goo.gl/fbAQLP

exports[`Treatments component Treatmest Snapshot 1`] = `
<div>
  <div
    className="nav"
  >
    <ul>
      <li>
        <a
          href="/"
          onClick={[Function]}
        >
          Home 
        </a>
      </li>
      <li>
        <a
          href="/about"
          onClick={[Function]}
        >
          About 
        </a>
      </li>
      <li>
        <a
          href="/treatments"
          onClick={[Function]}
        >
          Treatments 
        </a>
      </li>
      <li>
        <a
          href="/pricing"
          onClick={[Function]}
        >
          Pricing 
        </a>
      </li>
      <li>
        <a
          href="/contact"
          onClick={[Function]}
        >
          Contact Us 
        </a>
      </li>
      <li>
        <a
          href="/gallery"
          onClick={[Function]}
        >
          Gallery
        </a>
      </li>
    </ul>
  </div>
  <section>
    <h3>
      Treatments
    </h3>
    <select
      id="treatment"
      name="treatments"
      onChange={[Function]}
    >
      <option
        value="massage"
      >
        Massage
      </option>
      <option
        value="skincare"
      >
        Skin Care
      </option>
      <option
        value="nailcare"
      >
        Nail Care
      </option>
      <option
        value="lash"
      >
        Eyelash Extensions
      </option>
    </select>
    <div>
      <section
        className="service"
      >
        <div
          className="services"
        >
          <h4>
            Relaxation
          </h4>
          <p>
            Long, gliding, flowing strokes to calm the mind and body, increase circulation, and promote deep relaxation.
          </p>
          <a
            href="/pricing"
            onClick={[Function]}
          >
            <button>
              Next Step
            </button>
          </a>
           
        </div>
        <div
          className="services"
        >
          <h4>
            Deep Tissue
          </h4>
          <p>
            Targeted, firm pressure to reach the deepest layers of muscle, fascia, and tendons.
          </p>
          <a
            href="/pricing"
            onClick={[Function]}
          >
            <button>
              Next Step
            </button>
          </a>
           
        </div>
        <div
          className="services"
        >
          <h4>
            Thai
          </h4>
          <p>
            Traditional healing system combining acupressure and assisted stretching. The recipient wears loose, comfortable clothing. The service will be done on a firm mat.
             
          </p>
          <a
            href="/pricing"
            onClick={[Function]}
          >
            <button>
              Next Step
            </button>
          </a>
           
        </div>
        <div
          className="serviceslast"
        >
          <h4>
            Prenatal/Pregnancy
          </h4>
          <p>
            You will be positioned lying on your side rather than on your stomach or back. Pillows, bolsters, or padding may be used to support your back, knees, and/or feet.
             
          </p>
          <a
            href="/pricing"
            onClick={[Function]}
          >
            <button>
              Next Step
            </button>
          </a>
           
        </div>
      </section>
    </div>
  </section>
  <div>
    <p>
      Â© 2020
    </p>
  </div>
</div>
`;
