// Jest Snapshot v1, https://goo.gl/fbAQLP

exports[`Cart component Cart Snapshot 1`] = `
<div>
  <header>
    <div
      className="nav"
    >
      <ul>
        <li>
          <a
            href="/"
            onClick={[Function]}
          >
            Home 
          </a>
        </li>
        <li>
          <a
            href="/about"
            onClick={[Function]}
          >
            About 
          </a>
        </li>
        <li>
          <a
            href="/treatments"
            onClick={[Function]}
          >
            Treatments 
          </a>
        </li>
        <li>
          <a
            href="/pricing"
            onClick={[Function]}
          >
            Pricing 
          </a>
        </li>
        <li>
          <a
            href="/contact"
            onClick={[Function]}
          >
            Contact Us 
          </a>
        </li>
        <li>
          <a
            href="/gallery"
            onClick={[Function]}
          >
            Gallery
          </a>
        </li>
      </ul>
    </div>
  </header>
  <section>
    <h3>
      Cart
    </h3>
    <form
      onSubmit={[Function]}
    >
      <p
        className="clientInfo"
      >
        
      </p>
      <h4>
         Your appointment date and time:
      </h4>
      <p
        className="clientInfo"
      >
        
         
        
      </p>
      <div>
        <p>
          <label>
            Comments:
          </label>
        </p>
        <textarea
          name="comments"
          placeholder="Is there anything I need to know prior to the service? etc: any injuries? are you pregnant? any skin issues such as skin burn, etc"
        />
        <h4>
          Total:
        </h4>
        <h3
          className="clientInfo"
        >
          $
        </h3>
      </div>
      <hr />
      <button
        onClick={[Function]}
      >
        Back
      </button>
       
      <button
        type="submit"
      >
        Confirmation
      </button>
    </form>
  </section>
  <footer>
    <div>
      <p>
        Â© 2020
      </p>
    </div>
  </footer>
</div>
`;
